Archive member included to satisfy reference by file (symbol)

C:/riscv-gcc/bin/../lib/gcc/riscv-none-elf/15.2.0/rv32im/ilp32\libgcc.a(muldf3.o)
                              C:\Users\carip\AppData\Local\Temp\ccqT7495.o (__muldf3)
C:/riscv-gcc/bin/../lib/gcc/riscv-none-elf/15.2.0/rv32im/ilp32\libgcc.a(floatsidf.o)
                              C:\Users\carip\AppData\Local\Temp\ccqT7495.o (__floatsidf)
C:/riscv-gcc/bin/../lib/gcc/riscv-none-elf/15.2.0/rv32im/ilp32\libgcc.a(truncdfsf2.o)
                              C:\Users\carip\AppData\Local\Temp\ccqT7495.o (__truncdfsf2)
C:/riscv-gcc/bin/../lib/gcc/riscv-none-elf/15.2.0/rv32im/ilp32\libgcc.a(_clzsi2.o)
                              C:/riscv-gcc/bin/../lib/gcc/riscv-none-elf/15.2.0/rv32im/ilp32\libgcc.a(muldf3.o) (__clzsi2)
C:/riscv-gcc/bin/../lib/gcc/riscv-none-elf/15.2.0/rv32im/ilp32\libgcc.a(_clz.o)
                              C:/riscv-gcc/bin/../lib/gcc/riscv-none-elf/15.2.0/rv32im/ilp32\libgcc.a(_clzsi2.o) (__clz_tab)

Discarded input sections

 .group         0x00000000        0x8 C:\Users\carip\AppData\Local\Temp\ccqT7495.o
 .group         0x00000000        0x8 C:\Users\carip\AppData\Local\Temp\ccqT7495.o
 .group         0x00000000        0x8 C:\Users\carip\AppData\Local\Temp\ccqT7495.o
 .group         0x00000000        0x8 C:\Users\carip\AppData\Local\Temp\ccqT7495.o
 .group         0x00000000        0x8 C:\Users\carip\AppData\Local\Temp\ccqT7495.o
 .group         0x00000000        0x8 C:\Users\carip\AppData\Local\Temp\ccqT7495.o
 .group         0x00000000        0x8 C:\Users\carip\AppData\Local\Temp\ccqT7495.o
 .group         0x00000000        0x8 C:\Users\carip\AppData\Local\Temp\ccqT7495.o
 .group         0x00000000        0x8 C:\Users\carip\AppData\Local\Temp\ccqT7495.o
 .group         0x00000000        0x8 C:\Users\carip\AppData\Local\Temp\ccqT7495.o
 .group         0x00000000        0x8 C:\Users\carip\AppData\Local\Temp\ccqT7495.o
 .group         0x00000000        0x8 C:\Users\carip\AppData\Local\Temp\ccqT7495.o
 .group         0x00000000        0x8 C:\Users\carip\AppData\Local\Temp\ccqT7495.o
 .group         0x00000000        0xc C:\Users\carip\AppData\Local\Temp\ccqT7495.o
 .group         0x00000000        0x8 C:\Users\carip\AppData\Local\Temp\ccqT7495.o
 .group         0x00000000        0xc C:\Users\carip\AppData\Local\Temp\ccqT7495.o
 .group         0x00000000        0xc C:\Users\carip\AppData\Local\Temp\ccqT7495.o
 .group         0x00000000        0x8 C:\Users\carip\AppData\Local\Temp\ccqT7495.o
 .group         0x00000000        0x8 C:\Users\carip\AppData\Local\Temp\ccqT7495.o
 .group         0x00000000        0xc C:\Users\carip\AppData\Local\Temp\ccqT7495.o
 .group         0x00000000        0xc C:\Users\carip\AppData\Local\Temp\ccqT7495.o
 .group         0x00000000        0xc C:\Users\carip\AppData\Local\Temp\ccqT7495.o
 .group         0x00000000        0xc C:\Users\carip\AppData\Local\Temp\ccqT7495.o
 .group         0x00000000        0xc C:\Users\carip\AppData\Local\Temp\ccqT7495.o
 .group         0x00000000        0xc C:\Users\carip\AppData\Local\Temp\ccqT7495.o
 .group         0x00000000        0x8 C:\Users\carip\AppData\Local\Temp\ccqT7495.o
 .group         0x00000000        0x8 C:\Users\carip\AppData\Local\Temp\ccqT7495.o
 .group         0x00000000       0x1c C:\Users\carip\AppData\Local\Temp\ccqT7495.o
 .group         0x00000000       0x14 C:\Users\carip\AppData\Local\Temp\ccqT7495.o
 .group         0x00000000        0x8 C:\Users\carip\AppData\Local\Temp\ccqT7495.o
 .group         0x00000000        0xc C:\Users\carip\AppData\Local\Temp\ccqT7495.o
 .group         0x00000000        0x8 C:\Users\carip\AppData\Local\Temp\ccqT7495.o
 .group         0x00000000        0xc C:\Users\carip\AppData\Local\Temp\ccqT7495.o
 .group         0x00000000        0x8 C:\Users\carip\AppData\Local\Temp\ccqT7495.o
 .group         0x00000000        0x8 C:\Users\carip\AppData\Local\Temp\ccqT7495.o

Memory Configuration

Name             Origin             Length             Attributes
RAM              0x80000000         0x20000000         xrw
*default*        0x00000000         0xffffffff

Linker script and memory map

LOAD C:\Users\carip\AppData\Local\Temp\ccqT7495.o
LOAD C:/riscv-gcc/bin/../lib/gcc/riscv-none-elf/15.2.0/rv32im/ilp32\libgcc.a

.text           0x80000000     0x28a8
 *(.text.init)
 *(.text .text.*)
 .text          0x80000000      0xab4 C:\Users\carip\AppData\Local\Temp\ccqT7495.o
                0x800000b0                __cxa_atexit
                0x800000b8                Rbxl::malloc(unsigned int)
                0x800000d4                Rbxl::free(void*)
                0x800000e8                Rbxl::heapUsed()
                0x800000fc                decodeVarint(vector<unsigned char> const&, int&, int*)
                0x800001ac                touchedCallback(LuaObj)
                0x800001b8                Rbxl::createBuffer(unsigned int)
                0x800001d4                Rbxl::freeBuffer(void*)
                0x800001e8                Rbxl::bufferLen(void*)
                0x80000204                Rbxl::bufferReadI8(void*, unsigned int)
                0x80000228                Rbxl::bufferWriteI8(void*, unsigned int, int)
                0x8000024c                Rbxl::bufferReadI32(void*, unsigned int)
                0x80000270                Rbxl::bufferWriteI32(void*, unsigned int, int)
                0x80000294                Rbxl::bufferReadF32(void*, unsigned int)
                0x800002b8                Rbxl::bufferWriteF32(void*, unsigned int, float)
                0x800002dc                Rbxl::bufferFromString(char const*)
                0x800002f8                Rbxl::rad(void*)
                0x8000030c                Rbxl::sin(void*)
                0x80000320                Rbxl::cos(void*)
                0x80000334                Rbxl::getPropertyObject(void*, char const*)
                0x80000358                Rbxl::setPropertyObject(void*, char const*, void*)
                0x80000504                Rbxl::releaseObject(void*)
                0x80000518                Rbxl::fromEnum(int)
                0x80000534                Rbxl::toEnum(void*)
                0x80000550                Rbxl::getService(char const*)
                0x8000056c                Rbxl::getGlobal(char const*)
                0x80000588                Rbxl::getMethod(void*, char const*)
                0x800005ac                Rbxl::require(void*)
                0x800005c8                Rbxl::call(void*, int)
                0x80000780                delay(int)
                0x80000898                printFunc(int)
 .text._ZN4math3radEf
                0x80000ab4       0x24 C:\Users\carip\AppData\Local\Temp\ccqT7495.o
                0x80000ab4                math::rad(float)
 .text._ZN4math3sinEf
                0x80000ad8       0x24 C:\Users\carip\AppData\Local\Temp\ccqT7495.o
                0x80000ad8                math::sin(float)
 .text._ZN4math3cosEf
                0x80000afc       0x24 C:\Users\carip\AppData\Local\Temp\ccqT7495.o
                0x80000afc                math::cos(float)
 .text._ZN3Lua5printEPKc
                0x80000b20       0x14 C:\Users\carip\AppData\Local\Temp\ccqT7495.o
                0x80000b20                Lua::print(char const*)
 .text._ZN3Lua5printEi
                0x80000b34       0x14 C:\Users\carip\AppData\Local\Temp\ccqT7495.o
                0x80000b34                Lua::print(int)
 .text._ZN3Lua5printEf
                0x80000b48       0x20 C:\Users\carip\AppData\Local\Temp\ccqT7495.o
                0x80000b48                Lua::print(float)
 .text._ZN7Vector3C2Ev
                0x80000b68       0x10 C:\Users\carip\AppData\Local\Temp\ccqT7495.o
                0x80000b68                Vector3::Vector3()
                0x80000b68                Vector3::Vector3()
 .text._ZN7Vector3C2Efff
                0x80000b78       0x10 C:\Users\carip\AppData\Local\Temp\ccqT7495.o
                0x80000b78                Vector3::Vector3(float, float, float)
                0x80000b78                Vector3::Vector3(float, float, float)
 .text._ZN7Vector314readFromObjectEPv
                0x80000b88       0x1c C:\Users\carip\AppData\Local\Temp\ccqT7495.o
                0x80000b88                Vector3::readFromObject(void*)
 .text._ZNK7Vector38toObjectEv
                0x80000ba4       0x1c C:\Users\carip\AppData\Local\Temp\ccqT7495.o
                0x80000ba4                Vector3::toObject() const
 .text._ZN6Color3C2Efff
                0x80000bc0       0x10 C:\Users\carip\AppData\Local\Temp\ccqT7495.o
                0x80000bc0                Color3::Color3(float, float, float)
                0x80000bc0                Color3::Color3(float, float, float)
 .text._ZNK6Color38toObjectEv
                0x80000bd0       0x1c C:\Users\carip\AppData\Local\Temp\ccqT7495.o
                0x80000bd0                Color3::toObject() const
 .text._ZNK6CFrame8toObjectEv
                0x80000bec       0x1c C:\Users\carip\AppData\Local\Temp\ccqT7495.o
                0x80000bec                CFrame::toObject() const
 .text._ZN6CFrameC2Efff
                0x80000c08       0x3c C:\Users\carip\AppData\Local\Temp\ccqT7495.o
                0x80000c08                CFrame::CFrame(float, float, float)
                0x80000c08                CFrame::CFrame(float, float, float)
 .text._ZN6CFrameC2Effffffffffff
                0x80000c44       0x48 C:\Users\carip\AppData\Local\Temp\ccqT7495.o
                0x80000c44                CFrame::CFrame(float, float, float, float, float, float, float, float, float, float, float, float)
                0x80000c44                CFrame::CFrame(float, float, float, float, float, float, float, float, float, float, float, float)
 .text._Z10cframe_mulRK6CFrameS1_
                0x80000c8c      0x14c C:\Users\carip\AppData\Local\Temp\ccqT7495.o
                0x80000c8c                cframe_mul(CFrame const&, CFrame const&)
 .text._Z22cframe_fromEulerAnglesfff
                0x80000dd8      0x110 C:\Users\carip\AppData\Local\Temp\ccqT7495.o
                0x80000dd8                cframe_fromEulerAngles(float, float, float)
 .text._ZN6LuaObjC2Ev
                0x80000ee8        0x8 C:\Users\carip\AppData\Local\Temp\ccqT7495.o
                0x80000ee8                LuaObj::LuaObj()
                0x80000ee8                LuaObj::LuaObj()
 .text._ZN6LuaObjC2EPv
                0x80000ef0        0x8 C:\Users\carip\AppData\Local\Temp\ccqT7495.o
                0x80000ef0                LuaObj::LuaObj(void*)
                0x80000ef0                LuaObj::LuaObj(void*)
 .text._ZN6LuaObj7releaseEv
                0x80000ef8       0x34 C:\Users\carip\AppData\Local\Temp\ccqT7495.o
                0x80000ef8                LuaObj::release()
 .text._ZN6LuaObjD2Ev
                0x80000f2c        0x4 C:\Users\carip\AppData\Local\Temp\ccqT7495.o
                0x80000f2c                LuaObj::~LuaObj()
                0x80000f2c                LuaObj::~LuaObj()
 .text._ZN6LuaObj8fromEnumEi
                0x80000f30       0x38 C:\Users\carip\AppData\Local\Temp\ccqT7495.o
                0x80000f30                LuaObj::fromEnum(int)
 .text._ZN6LuaObj9fromFloatEf
                0x80000f68       0x3c C:\Users\carip\AppData\Local\Temp\ccqT7495.o
                0x80000f68                LuaObj::fromFloat(float)
 .text._ZN6LuaObj10fromStringEPKc
                0x80000fa4       0x3c C:\Users\carip\AppData\Local\Temp\ccqT7495.o
                0x80000fa4                LuaObj::fromString(char const*)
 .text._ZN6LuaObj10getServiceEPKc
                0x80000fe0       0x38 C:\Users\carip\AppData\Local\Temp\ccqT7495.o
                0x80000fe0                LuaObj::getService(char const*)
 .text._ZN4Rbxl4callIPvEES1_S1_RKT_i
                0x80001018       0x3c C:\Users\carip\AppData\Local\Temp\ccqT7495.o
                0x80001018                void* Rbxl::call<void*>(void*, void* const&, int)
 .text._ZN4Rbxl4callIPvS1_EES1_S1_RKT_RKT0_i
                0x80001054       0x40 C:\Users\carip\AppData\Local\Temp\ccqT7495.o
                0x80001054                void* Rbxl::call<void*, void*>(void*, void* const&, void* const&, int)
 .text._ZN4Rbxl4callIPvEES1_S1_RKT_RK6LuaObji.isra.0
                0x80001094       0x48 C:\Users\carip\AppData\Local\Temp\ccqT7495.o
 .text._ZNK6LuaObj4callIPvS_EES1_RKT_RKT0_i.isra.0
                0x800010dc        0x4 C:\Users\carip\AppData\Local\Temp\ccqT7495.o
 .text._ZNK6LuaObj4callIPvS1_EES1_RKT_RKT0_i.isra.0
                0x800010e0        0x4 C:\Users\carip\AppData\Local\Temp\ccqT7495.o
 .text._ZNK6LuaObj10callMethodIPvEES1_PKcRKT_i
                0x800010e4       0x70 C:\Users\carip\AppData\Local\Temp\ccqT7495.o
                0x800010e4                void* LuaObj::callMethod<void*>(char const*, void* const&, int) const
 .text._ZN6vectorIhE5clearEv
                0x80001154        0x8 C:\Users\carip\AppData\Local\Temp\ccqT7495.o
                0x80001154                vector<unsigned char>::clear()
 .text._ZN6vectorIhE9push_backERKh
                0x8000115c       0xf8 C:\Users\carip\AppData\Local\Temp\ccqT7495.o
                0x8000115c                vector<unsigned char>::push_back(unsigned char const&)
 .text._ZNK6LuaObj10callMethodIS_EEPvPKcRKT_i
                0x80001254       0x70 C:\Users\carip\AppData\Local\Temp\ccqT7495.o
                0x80001254                void* LuaObj::callMethod<LuaObj>(char const*, LuaObj const&, int) const
 .text._ZN6vectorIhEC2Ev
                0x800012c4       0x10 C:\Users\carip\AppData\Local\Temp\ccqT7495.o
                0x800012c4                vector<unsigned char>::vector()
                0x800012c4                vector<unsigned char>::vector()
 .text._ZN6vectorIhED2Ev
                0x800012d4       0x10 C:\Users\carip\AppData\Local\Temp\ccqT7495.o
                0x800012d4                vector<unsigned char>::~vector()
                0x800012d4                vector<unsigned char>::~vector()
 .text.startup  0x800012e4      0xae0 C:\Users\carip\AppData\Local\Temp\ccqT7495.o
                0x800012e4                main
 .text          0x80001dc4        0x0 C:/riscv-gcc/bin/../lib/gcc/riscv-none-elf/15.2.0/rv32im/ilp32\libgcc.a(muldf3.o)
 .text.__muldf3
                0x80001dc4      0x7a4 C:/riscv-gcc/bin/../lib/gcc/riscv-none-elf/15.2.0/rv32im/ilp32\libgcc.a(muldf3.o)
                0x80001dc4                __muldf3
 .text          0x80002568        0x0 C:/riscv-gcc/bin/../lib/gcc/riscv-none-elf/15.2.0/rv32im/ilp32\libgcc.a(floatsidf.o)
 .text.__floatsidf
                0x80002568       0xe0 C:/riscv-gcc/bin/../lib/gcc/riscv-none-elf/15.2.0/rv32im/ilp32\libgcc.a(floatsidf.o)
                0x80002568                __floatsidf
 .text          0x80002648        0x0 C:/riscv-gcc/bin/../lib/gcc/riscv-none-elf/15.2.0/rv32im/ilp32\libgcc.a(truncdfsf2.o)
 .text.__truncdfsf2
                0x80002648      0x1d8 C:/riscv-gcc/bin/../lib/gcc/riscv-none-elf/15.2.0/rv32im/ilp32\libgcc.a(truncdfsf2.o)
                0x80002648                __truncdfsf2
 .text          0x80002820        0x0 C:/riscv-gcc/bin/../lib/gcc/riscv-none-elf/15.2.0/rv32im/ilp32\libgcc.a(_clzsi2.o)
 .text.__clzsi2
                0x80002820       0x88 C:/riscv-gcc/bin/../lib/gcc/riscv-none-elf/15.2.0/rv32im/ilp32\libgcc.a(_clzsi2.o)
                0x80002820                __clzsi2
 .text          0x800028a8        0x0 C:/riscv-gcc/bin/../lib/gcc/riscv-none-elf/15.2.0/rv32im/ilp32\libgcc.a(_clz.o)

.rodata         0x800028a8     0xdd14
 *(.rodata .rodata.*)
 .rodata.str1.4
                0x800028a8     0xdc12 C:\Users\carip\AppData\Local\Temp\ccqT7495.o
 *fill*         0x800104ba        0x2 
 .rodata.__clz_tab
                0x800104bc      0x100 C:/riscv-gcc/bin/../lib/gcc/riscv-none-elf/15.2.0/rv32im/ilp32\libgcc.a(_clz.o)
                0x800104bc                __clz_tab

.srodata.cst4   0x800105bc       0x28
 .srodata.cst4  0x800105bc       0x28 C:\Users\carip\AppData\Local\Temp\ccqT7495.o

.srodata.cst8   0x800105e8        0x8
 .srodata.cst8  0x800105e8        0x8 C:\Users\carip\AppData\Local\Temp\ccqT7495.o

.rela.dyn       0x800105f0        0x0
 .rela.text     0x800105f0        0x0 C:\Users\carip\AppData\Local\Temp\ccqT7495.o

.data           0x800105f0        0x0
 *(.data .data.*)
 .data          0x800105f0        0x0 C:\Users\carip\AppData\Local\Temp\ccqT7495.o
 .data          0x800105f0        0x0 C:/riscv-gcc/bin/../lib/gcc/riscv-none-elf/15.2.0/rv32im/ilp32\libgcc.a(muldf3.o)
 .data          0x800105f0        0x0 C:/riscv-gcc/bin/../lib/gcc/riscv-none-elf/15.2.0/rv32im/ilp32\libgcc.a(floatsidf.o)
 .data          0x800105f0        0x0 C:/riscv-gcc/bin/../lib/gcc/riscv-none-elf/15.2.0/rv32im/ilp32\libgcc.a(truncdfsf2.o)
 .data          0x800105f0        0x0 C:/riscv-gcc/bin/../lib/gcc/riscv-none-elf/15.2.0/rv32im/ilp32\libgcc.a(_clzsi2.o)
 .data          0x800105f0        0x0 C:/riscv-gcc/bin/../lib/gcc/riscv-none-elf/15.2.0/rv32im/ilp32\libgcc.a(_clz.o)

.bss            0x800105f0        0x0
                0x800105f0                        _bss_start = .
 *(.bss .bss.*)
 .bss           0x800105f0        0x0 C:\Users\carip\AppData\Local\Temp\ccqT7495.o
 .bss           0x800105f0        0x0 C:/riscv-gcc/bin/../lib/gcc/riscv-none-elf/15.2.0/rv32im/ilp32\libgcc.a(muldf3.o)
 .bss           0x800105f0        0x0 C:/riscv-gcc/bin/../lib/gcc/riscv-none-elf/15.2.0/rv32im/ilp32\libgcc.a(floatsidf.o)
 .bss           0x800105f0        0x0 C:/riscv-gcc/bin/../lib/gcc/riscv-none-elf/15.2.0/rv32im/ilp32\libgcc.a(truncdfsf2.o)
 .bss           0x800105f0        0x0 C:/riscv-gcc/bin/../lib/gcc/riscv-none-elf/15.2.0/rv32im/ilp32\libgcc.a(_clzsi2.o)
 .bss           0x800105f0        0x0 C:/riscv-gcc/bin/../lib/gcc/riscv-none-elf/15.2.0/rv32im/ilp32\libgcc.a(_clz.o)
 *(COMMON)
                0x800105f0                        _bss_end = .
                0xa0000000                        _stack_top = (ORIGIN (RAM) + LENGTH (RAM))
OUTPUT(../output.elf elf32-littleriscv)

.sbss._ZGVZ13base64_decodePKcR6vectorIhEE11encodingSvc
                0x800105f0        0x8
 .sbss._ZGVZ13base64_decodePKcR6vectorIhEE11encodingSvc
                0x800105f0        0x8 C:\Users\carip\AppData\Local\Temp\ccqT7495.o
                0x800105f0                guard variable for base64_decode(char const*, vector<unsigned char>&)::encodingSvc

.sbss._ZZ13base64_decodePKcR6vectorIhEE11encodingSvc
                0x800105f8        0x4
 .sbss._ZZ13base64_decodePKcR6vectorIhEE11encodingSvc
                0x800105f8        0x4 C:\Users\carip\AppData\Local\Temp\ccqT7495.o
                0x800105f8                base64_decode(char const*, vector<unsigned char>&)::encodingSvc

.sbss           0x800105fc        0x4
 .sbss          0x800105fc        0x4 C:\Users\carip\AppData\Local\Temp\ccqT7495.o
                0x800105fc                __dso_handle

.comment        0x00000000       0x33
 .comment       0x00000000       0x33 C:\Users\carip\AppData\Local\Temp\ccqT7495.o
                                 0x34 (size before relaxing)
 .comment       0x00000033        0x0 C:/riscv-gcc/bin/../lib/gcc/riscv-none-elf/15.2.0/rv32im/ilp32\libgcc.a(muldf3.o)
                                 0x34 (size before relaxing)
 .comment       0x00000033        0x0 C:/riscv-gcc/bin/../lib/gcc/riscv-none-elf/15.2.0/rv32im/ilp32\libgcc.a(floatsidf.o)
                                 0x34 (size before relaxing)
 .comment       0x00000033        0x0 C:/riscv-gcc/bin/../lib/gcc/riscv-none-elf/15.2.0/rv32im/ilp32\libgcc.a(truncdfsf2.o)
                                 0x34 (size before relaxing)
 .comment       0x00000033        0x0 C:/riscv-gcc/bin/../lib/gcc/riscv-none-elf/15.2.0/rv32im/ilp32\libgcc.a(_clzsi2.o)
                                 0x34 (size before relaxing)
 .comment       0x00000033        0x0 C:/riscv-gcc/bin/../lib/gcc/riscv-none-elf/15.2.0/rv32im/ilp32\libgcc.a(_clz.o)
                                 0x34 (size before relaxing)

.note.GNU-stack
                0x00000000        0x0
 .note.GNU-stack
                0x00000000        0x0 C:\Users\carip\AppData\Local\Temp\ccqT7495.o
 .note.GNU-stack
                0x00000000        0x0 C:/riscv-gcc/bin/../lib/gcc/riscv-none-elf/15.2.0/rv32im/ilp32\libgcc.a(muldf3.o)
 .note.GNU-stack
                0x00000000        0x0 C:/riscv-gcc/bin/../lib/gcc/riscv-none-elf/15.2.0/rv32im/ilp32\libgcc.a(floatsidf.o)
 .note.GNU-stack
                0x00000000        0x0 C:/riscv-gcc/bin/../lib/gcc/riscv-none-elf/15.2.0/rv32im/ilp32\libgcc.a(truncdfsf2.o)
 .note.GNU-stack
                0x00000000        0x0 C:/riscv-gcc/bin/../lib/gcc/riscv-none-elf/15.2.0/rv32im/ilp32\libgcc.a(_clzsi2.o)
 .note.GNU-stack
                0x00000000        0x0 C:/riscv-gcc/bin/../lib/gcc/riscv-none-elf/15.2.0/rv32im/ilp32\libgcc.a(_clz.o)

.riscv.attributes
                0x00000000       0x38
 .riscv.attributes
                0x00000000       0x38 C:\Users\carip\AppData\Local\Temp\ccqT7495.o
 .riscv.attributes
                0x00000038       0x2a C:/riscv-gcc/bin/../lib/gcc/riscv-none-elf/15.2.0/rv32im/ilp32\libgcc.a(muldf3.o)
 .riscv.attributes
                0x00000062       0x2a C:/riscv-gcc/bin/../lib/gcc/riscv-none-elf/15.2.0/rv32im/ilp32\libgcc.a(floatsidf.o)
 .riscv.attributes
                0x0000008c       0x2a C:/riscv-gcc/bin/../lib/gcc/riscv-none-elf/15.2.0/rv32im/ilp32\libgcc.a(truncdfsf2.o)
 .riscv.attributes
                0x000000b6       0x2a C:/riscv-gcc/bin/../lib/gcc/riscv-none-elf/15.2.0/rv32im/ilp32\libgcc.a(_clzsi2.o)
 .riscv.attributes
                0x000000e0       0x2a C:/riscv-gcc/bin/../lib/gcc/riscv-none-elf/15.2.0/rv32im/ilp32\libgcc.a(_clz.o)

.debug_info     0x00000000      0xf26
 .debug_info    0x00000000      0x7ab C:/riscv-gcc/bin/../lib/gcc/riscv-none-elf/15.2.0/rv32im/ilp32\libgcc.a(muldf3.o)
 .debug_info    0x000007ab      0x289 C:/riscv-gcc/bin/../lib/gcc/riscv-none-elf/15.2.0/rv32im/ilp32\libgcc.a(floatsidf.o)
 .debug_info    0x00000a34      0x298 C:/riscv-gcc/bin/../lib/gcc/riscv-none-elf/15.2.0/rv32im/ilp32\libgcc.a(truncdfsf2.o)
 .debug_info    0x00000ccc      0x168 C:/riscv-gcc/bin/../lib/gcc/riscv-none-elf/15.2.0/rv32im/ilp32\libgcc.a(_clzsi2.o)
 .debug_info    0x00000e34       0xf2 C:/riscv-gcc/bin/../lib/gcc/riscv-none-elf/15.2.0/rv32im/ilp32\libgcc.a(_clz.o)

.debug_abbrev   0x00000000      0x5a4
 .debug_abbrev  0x00000000      0x194 C:/riscv-gcc/bin/../lib/gcc/riscv-none-elf/15.2.0/rv32im/ilp32\libgcc.a(muldf3.o)
 .debug_abbrev  0x00000194      0x173 C:/riscv-gcc/bin/../lib/gcc/riscv-none-elf/15.2.0/rv32im/ilp32\libgcc.a(floatsidf.o)
 .debug_abbrev  0x00000307      0x14e C:/riscv-gcc/bin/../lib/gcc/riscv-none-elf/15.2.0/rv32im/ilp32\libgcc.a(truncdfsf2.o)
 .debug_abbrev  0x00000455       0xd9 C:/riscv-gcc/bin/../lib/gcc/riscv-none-elf/15.2.0/rv32im/ilp32\libgcc.a(_clzsi2.o)
 .debug_abbrev  0x0000052e       0x76 C:/riscv-gcc/bin/../lib/gcc/riscv-none-elf/15.2.0/rv32im/ilp32\libgcc.a(_clz.o)

.debug_loclists
                0x00000000     0x1889
 .debug_loclists
                0x00000000     0x11c1 C:/riscv-gcc/bin/../lib/gcc/riscv-none-elf/15.2.0/rv32im/ilp32\libgcc.a(muldf3.o)
 .debug_loclists
                0x000011c1      0x1a8 C:/riscv-gcc/bin/../lib/gcc/riscv-none-elf/15.2.0/rv32im/ilp32\libgcc.a(floatsidf.o)
 .debug_loclists
                0x00001369      0x43d C:/riscv-gcc/bin/../lib/gcc/riscv-none-elf/15.2.0/rv32im/ilp32\libgcc.a(truncdfsf2.o)
 .debug_loclists
                0x000017a6       0xe3 C:/riscv-gcc/bin/../lib/gcc/riscv-none-elf/15.2.0/rv32im/ilp32\libgcc.a(_clzsi2.o)

.debug_aranges  0x00000000       0x98
 .debug_aranges
                0x00000000       0x20 C:/riscv-gcc/bin/../lib/gcc/riscv-none-elf/15.2.0/rv32im/ilp32\libgcc.a(muldf3.o)
 .debug_aranges
                0x00000020       0x20 C:/riscv-gcc/bin/../lib/gcc/riscv-none-elf/15.2.0/rv32im/ilp32\libgcc.a(floatsidf.o)
 .debug_aranges
                0x00000040       0x20 C:/riscv-gcc/bin/../lib/gcc/riscv-none-elf/15.2.0/rv32im/ilp32\libgcc.a(truncdfsf2.o)
 .debug_aranges
                0x00000060       0x20 C:/riscv-gcc/bin/../lib/gcc/riscv-none-elf/15.2.0/rv32im/ilp32\libgcc.a(_clzsi2.o)
 .debug_aranges
                0x00000080       0x18 C:/riscv-gcc/bin/../lib/gcc/riscv-none-elf/15.2.0/rv32im/ilp32\libgcc.a(_clz.o)

.debug_rnglists
                0x00000000      0x301
 .debug_rnglists
                0x00000000      0x1b3 C:/riscv-gcc/bin/../lib/gcc/riscv-none-elf/15.2.0/rv32im/ilp32\libgcc.a(muldf3.o)
 .debug_rnglists
                0x000001b3       0x99 C:/riscv-gcc/bin/../lib/gcc/riscv-none-elf/15.2.0/rv32im/ilp32\libgcc.a(floatsidf.o)
 .debug_rnglists
                0x0000024c       0x8b C:/riscv-gcc/bin/../lib/gcc/riscv-none-elf/15.2.0/rv32im/ilp32\libgcc.a(truncdfsf2.o)
 .debug_rnglists
                0x000002d7       0x2a C:/riscv-gcc/bin/../lib/gcc/riscv-none-elf/15.2.0/rv32im/ilp32\libgcc.a(_clzsi2.o)

.debug_line     0x00000000     0x21fb
 .debug_line    0x00000000     0x14e3 C:/riscv-gcc/bin/../lib/gcc/riscv-none-elf/15.2.0/rv32im/ilp32\libgcc.a(muldf3.o)
 .debug_line    0x000014e3      0x371 C:/riscv-gcc/bin/../lib/gcc/riscv-none-elf/15.2.0/rv32im/ilp32\libgcc.a(floatsidf.o)
 .debug_line    0x00001854      0x7ff C:/riscv-gcc/bin/../lib/gcc/riscv-none-elf/15.2.0/rv32im/ilp32\libgcc.a(truncdfsf2.o)
 .debug_line    0x00002053      0x15f C:/riscv-gcc/bin/../lib/gcc/riscv-none-elf/15.2.0/rv32im/ilp32\libgcc.a(_clzsi2.o)
 .debug_line    0x000021b2       0x49 C:/riscv-gcc/bin/../lib/gcc/riscv-none-elf/15.2.0/rv32im/ilp32\libgcc.a(_clz.o)

.debug_str      0x00000000      0x51d
 .debug_str     0x00000000      0x51d C:/riscv-gcc/bin/../lib/gcc/riscv-none-elf/15.2.0/rv32im/ilp32\libgcc.a(muldf3.o)
                                0x3dd (size before relaxing)
 .debug_str     0x0000051d        0x0 C:/riscv-gcc/bin/../lib/gcc/riscv-none-elf/15.2.0/rv32im/ilp32\libgcc.a(floatsidf.o)
                                0x26d (size before relaxing)
 .debug_str     0x0000051d        0x0 C:/riscv-gcc/bin/../lib/gcc/riscv-none-elf/15.2.0/rv32im/ilp32\libgcc.a(truncdfsf2.o)
                                0x24f (size before relaxing)
 .debug_str     0x0000051d        0x0 C:/riscv-gcc/bin/../lib/gcc/riscv-none-elf/15.2.0/rv32im/ilp32\libgcc.a(_clzsi2.o)
                                0x1f3 (size before relaxing)
 .debug_str     0x0000051d        0x0 C:/riscv-gcc/bin/../lib/gcc/riscv-none-elf/15.2.0/rv32im/ilp32\libgcc.a(_clz.o)
                                0x1d6 (size before relaxing)

.debug_line_str
                0x00000000      0x4f2
 .debug_line_str
                0x00000000      0x4f2 C:/riscv-gcc/bin/../lib/gcc/riscv-none-elf/15.2.0/rv32im/ilp32\libgcc.a(muldf3.o)
                                0x249 (size before relaxing)
 .debug_line_str
                0x000004f2        0x0 C:/riscv-gcc/bin/../lib/gcc/riscv-none-elf/15.2.0/rv32im/ilp32\libgcc.a(floatsidf.o)
                                0x24f (size before relaxing)
 .debug_line_str
                0x000004f2        0x0 C:/riscv-gcc/bin/../lib/gcc/riscv-none-elf/15.2.0/rv32im/ilp32\libgcc.a(truncdfsf2.o)
                                0x250 (size before relaxing)
 .debug_line_str
                0x000004f2        0x0 C:/riscv-gcc/bin/../lib/gcc/riscv-none-elf/15.2.0/rv32im/ilp32\libgcc.a(_clzsi2.o)
                                0x232 (size before relaxing)
 .debug_line_str
                0x000004f2        0x0 C:/riscv-gcc/bin/../lib/gcc/riscv-none-elf/15.2.0/rv32im/ilp32\libgcc.a(_clz.o)
                                0x232 (size before relaxing)

.debug_frame    0x00000000       0xcc
 .debug_frame   0x00000000       0x54 C:/riscv-gcc/bin/../lib/gcc/riscv-none-elf/15.2.0/rv32im/ilp32\libgcc.a(muldf3.o)
 .debug_frame   0x00000054       0x38 C:/riscv-gcc/bin/../lib/gcc/riscv-none-elf/15.2.0/rv32im/ilp32\libgcc.a(floatsidf.o)
 .debug_frame   0x0000008c       0x20 C:/riscv-gcc/bin/../lib/gcc/riscv-none-elf/15.2.0/rv32im/ilp32\libgcc.a(truncdfsf2.o)
 .debug_frame   0x000000ac       0x20 C:/riscv-gcc/bin/../lib/gcc/riscv-none-elf/15.2.0/rv32im/ilp32\libgcc.a(_clzsi2.o)
